BASELINE reviewed=showcasecontinuations15c excluded_unreviewed=486e5d848245
CASE ordinal=0 id=en_continuation_water_freezes status=pass steps=4 failures=0 wall_time_seconds_diagnostic=17.367285587
CASE ordinal=1 id=en_continuation_opposite_hot status=completed_with_mismatches steps=4 failures=2 wall_time_seconds_diagnostic=19.895770862
CASE ordinal=2 id=en_continuation_triangle status=completed_with_mismatches steps=4 failures=3 wall_time_seconds_diagnostic=16.885597119
CASE ordinal=3 id=zh_continuation_year_months status=pass steps=4 failures=0 wall_time_seconds_diagnostic=15.497752709
CASE ordinal=4 id=zh_continuation_sun_rises status=completed_with_mismatches steps=4 failures=2 wall_time_seconds_diagnostic=15.751098228
CASE ordinal=5 id=zh_continuation_one_plus_one status=completed_with_mismatches steps=4 failures=4 wall_time_seconds_diagnostic=19.004801362
CASE ordinal=6 id=en_chat_greeting status=pass steps=4 failures=0 wall_time_seconds_diagnostic=64.282819800
CASE ordinal=7 id=en_chat_blue status=pass steps=4 failures=0 wall_time_seconds_diagnostic=65.864700432
CASE ordinal=8 id=en_chat_thanks status=completed_with_mismatches steps=4 failures=2 wall_time_seconds_diagnostic=62.370545074
CASE ordinal=9 id=zh_chat_greeting status=completed_with_mismatches steps=3 failures=1 wall_time_seconds_diagnostic=67.030235124
CASE ordinal=10 id=zh_chat_red_object status=pass steps=4 failures=0 wall_time_seconds_diagnostic=61.744500545
CASE ordinal=11 id=zh_chat_good_night status=completed_with_mismatches steps=4 failures=1 wall_time_seconds_diagnostic=63.426803821
CASE ordinal=12 id=en_factual_largest_ocean status=completed_with_mismatches steps=4 failures=2 wall_time_seconds_diagnostic=23.993520361
CASE ordinal=13 id=en_factual_red_planet status=completed_with_mismatches steps=4 failures=2 wall_time_seconds_diagnostic=25.747012798
CASE ordinal=14 id=en_factual_week_days status=completed_with_mismatches steps=4 failures=1 wall_time_seconds_diagnostic=22.564810876
CASE ordinal=15 id=zh_factual_china_capital status=completed_with_mismatches steps=4 failures=2 wall_time_seconds_diagnostic=17.848543452
CASE ordinal=16 id=zh_factual_water_formula status=pass steps=4 failures=0 wall_time_seconds_diagnostic=21.746463016
CASE ordinal=17 id=zh_factual_four_seasons status=pass steps=4 failures=0 wall_time_seconds_diagnostic=19.280304740
CASE ordinal=18 id=en_commonsense_rain status=pass steps=4 failures=0 wall_time_seconds_diagnostic=69.726298656
CASE ordinal=19 id=en_commonsense_dark_room status=completed_with_mismatches steps=4 failures=2 wall_time_seconds_diagnostic=71.309501183
CASE ordinal=20 id=en_commonsense_thirsty status=pass steps=4 failures=0 wall_time_seconds_diagnostic=63.272862991
CASE ordinal=21 id=zh_commonsense_cold status=pass steps=4 failures=0 wall_time_seconds_diagnostic=67.506856789
CASE ordinal=22 id=zh_commonsense_cross_road status=pass steps=4 failures=0 wall_time_seconds_diagnostic=65.267870345
CASE ordinal=23 id=en_code_python_square status=pass steps=4 failures=0 wall_time_seconds_diagnostic=22.808097117
CASE ordinal=24 id=en_code_javascript_add status=pass steps=4 failures=0 wall_time_seconds_diagnostic=27.751586182
CASE ordinal=25 id=en_code_sql_select status=pass steps=4 failures=0 wall_time_seconds_diagnostic=21.106972673
CASE ordinal=26 id=zh_code_python_sum status=completed_with_mismatches steps=4 failures=1 wall_time_seconds_diagnostic=39.737811633
CASE ordinal=27 id=zh_code_python_even status=pass steps=4 failures=0 wall_time_seconds_diagnostic=41.515611088
CASE ordinal=28 id=en_reasoning_apples status=pass steps=4 failures=0 wall_time_seconds_diagnostic=80.432106593
CASE ordinal=29 id=zh_reasoning_subtract status=pass steps=2 failures=0 wall_time_seconds_diagnostic=73.107302050
CASE ordinal=30 id=zh_reasoning_sequence status=pass steps=3 failures=0 wall_time_seconds_diagnostic=80.564267351
CASE ordinal=31 id=zh_reasoning_boxes status=pass steps=2 failures=0 wall_time_seconds_diagnostic=75.333022811
BATCH status=completed_with_mismatches cases=32 completed=32 steps=122 mismatches=25 execution_failures=0 wall_time_seconds_diagnostic=1426.495887191
